// Jest Snapshot v1, https://goo.gl/fbAQLP

exports[`ComicDetail Should match snapshot 1`] = `
<styled.div>
  <styled.img
    alt="Comic The Amazing Spider-Man (2018) #22 thumbnail"
    src="http://i.annihil.us/u/prod/marvel/i/mg/2/d0/5ce401142935b/portrait_uncanny.jpg"
  />
  <styled.h2>
    The Amazing Spider-Man (2018) #22
  </styled.h2>
  <styled.div>
    <styled.p>
      Published: 2019-05-29T00:00:00-0400
    </styled.p>
    <styled.p>
      Writer: Nick Spencer
    </styled.p>
    <styled.p>
      Penciler: Unknown
    </styled.p>
    <styled.p>
      Cover Artist: Unknown
    </styled.p>
  </styled.div>
  <styled.p>
    HUNTED AFTERMATH! The fallout from “HUNTED” continues to loom, and much of Peter’s life is called into question. What is left of Spider-Man after living through the harrowing hunt?! 
  </styled.p>
</styled.div>
`;
