// Jest Snapshot v1, https://goo.gl/fbAQLP

exports[`App Should match snapshot 1`] = `
<MemoryRouter
  initialEntries={
    Array [
      "/",
    ]
  }
>
  <Router
    history={
      Object {
        "action": "POP",
        "block": [Function],
        "canGo": [Function],
        "createHref": [Function],
        "entries": Array [
          Object {
            "hash": "",
            "key": "ey1aan",
            "pathname": "/",
            "search": "",
            "state": undefined,
          },
        ],
        "go": [Function],
        "goBack": [Function],
        "goForward": [Function],
        "index": 0,
        "length": 1,
        "listen": [Function],
        "location": Object {
          "hash": "",
          "key": "ey1aan",
          "pathname": "/",
          "search": "",
          "state": undefined,
        },
        "push": [Function],
        "replace": [Function],
      }
    }
  >
    <App>
      <styled.div>
        <div
          className="sc-fznMAR hUArgg"
        >
          <TopBar>
            <styled.nav>
              <nav
                className="sc-fzoNJl bkJVzH"
              >
                <styled.img
                  alt="marvel logo"
                  src="logo.svg"
                >
                  <img
                    alt="marvel logo"
                    className="sc-fznxKY bZrbTj"
                    src="logo.svg"
                  />
                </styled.img>
                <styled.div>
                  <div
                    className="sc-fzpmMD iqaRxZ"
                  />
                </styled.div>
                <SearchBox
                  onSearch={[Function]}
                >
                  <styled.form
                    onSubmit={[Function]}
                    role="search"
                  >
                    <form
                      className="sc-fzoyTs cwBDPe"
                      onSubmit={[Function]}
                      role="search"
                    >
                      <Styled(FontAwesomeIcon)
                        alt="search-icon"
                        icon={
                          Object {
                            "icon": Array [
                              512,
                              512,
                              Array [],
                              "f002",
                              "M505 442.7L405.3 343c-4.5-4.5-10.6-7-17-7H372c27.6-35.3 44-79.7 44-128C416 93.1 322.9 0 208 0S0 93.1 0 208s93.1 208 208 208c48.3 0 92.7-16.4 128-44v16.3c0 6.4 2.5 12.5 7 17l99.7 99.7c9.4 9.4 24.6 9.4 33.9 0l28.3-28.3c9.4-9.4 9.4-24.6.1-34zM208 336c-70.7 0-128-57.2-128-128 0-70.7 57.2-128 128-128 70.7 0 128 57.2 128 128 0 70.7-57.2 128-128 128z",
                            ],
                            "iconName": "search",
                            "prefix": "fas",
                          }
                        }
                      >
                        <FontAwesomeIcon
                          alt="search-icon"
                          border={false}
                          className="sc-fzqNqU fMyKsI"
                          fixedWidth={false}
                          flip={null}
                          icon={
                            Object {
                              "icon": Array [
                                512,
                                512,
                                Array [],
                                "f002",
                                "M505 442.7L405.3 343c-4.5-4.5-10.6-7-17-7H372c27.6-35.3 44-79.7 44-128C416 93.1 322.9 0 208 0S0 93.1 0 208s93.1 208 208 208c48.3 0 92.7-16.4 128-44v16.3c0 6.4 2.5 12.5 7 17l99.7 99.7c9.4 9.4 24.6 9.4 33.9 0l28.3-28.3c9.4-9.4 9.4-24.6.1-34zM208 336c-70.7 0-128-57.2-128-128 0-70.7 57.2-128 128-128 70.7 0 128 57.2 128 128 0 70.7-57.2 128-128 128z",
                              ],
                              "iconName": "search",
                              "prefix": "fas",
                            }
                          }
                          inverse={false}
                          listItem={false}
                          mask={null}
                          pull={null}
                          pulse={false}
                          rotation={null}
                          size={null}
                          spin={false}
                          swapOpacity={false}
                          symbol={false}
                          title=""
                          transform={null}
                        >
                          <svg
                            alt="search-icon"
                            aria-hidden="true"
                            className="svg-inline--fa fa-search fa-w-16 sc-fzqNqU fMyKsI"
                            data-icon="search"
                            data-prefix="fas"
                            focusable="false"
                            role="img"
                            style={Object {}}
                            viewBox="0 0 512 512"
                            xmlns="http://www.w3.org/2000/svg"
                          >
                            <path
                              d="M505 442.7L405.3 343c-4.5-4.5-10.6-7-17-7H372c27.6-35.3 44-79.7 44-128C416 93.1 322.9 0 208 0S0 93.1 0 208s93.1 208 208 208c48.3 0 92.7-16.4 128-44v16.3c0 6.4 2.5 12.5 7 17l99.7 99.7c9.4 9.4 24.6 9.4 33.9 0l28.3-28.3c9.4-9.4 9.4-24.6.1-34zM208 336c-70.7 0-128-57.2-128-128 0-70.7 57.2-128 128-128 70.7 0 128 57.2 128 128 0 70.7-57.2 128-128 128z"
                              fill="currentColor"
                              style={Object {}}
                            />
                          </svg>
                        </FontAwesomeIcon>
                      </Styled(FontAwesomeIcon)>
                      <styled.input
                        aria-label="Search a character or comic"
                        autocomplete="off"
                        id="search-input"
                        onChange={[Function]}
                        placeholder="Search"
                        type="text"
                        value=""
                      >
                        <input
                          aria-label="Search a character or comic"
                          className="sc-fzqARJ ewlnvC"
                          id="search-input"
                          onChange={[Function]}
                          placeholder="Search"
                          type="text"
                          value=""
                        />
                      </styled.input>
                    </form>
                  </styled.form>
                </SearchBox>
                <Styled(Star)
                  isSolid={false}
                  onClick={[Function]}
                >
                  <Star
                    className="sc-fzoXWK guRZYO"
                    isSolid={false}
                    onClick={[Function]}
                  >
                    <Styled(FontAwesomeIcon)
                      className="sc-fzoXWK guRZYO"
                      icon={
                        Object {
                          "icon": Array [
                            576,
                            512,
                            Array [],
                            "f005",
                            "M528.1 171.5L382 150.2 316.7 17.8c-11.7-23.6-45.6-23.9-57.4 0L194 150.2 47.9 171.5c-26.2 3.8-36.7 36.1-17.7 54.6l105.7 103-25 145.5c-4.5 26.3 23.2 46 46.4 33.7L288 439.6l130.7 68.7c23.2 12.2 50.9-7.4 46.4-33.7l-25-145.5 105.7-103c19-18.5 8.5-50.8-17.7-54.6zM388.6 312.3l23.7 138.4L288 385.4l-124.3 65.3 23.7-138.4-100.6-98 139-20.2 62.2-126 62.2 126 139 20.2-100.6 98z",
                          ],
                          "iconName": "star",
                          "prefix": "far",
                        }
                      }
                      onClick={[Function]}
                    >
                      <FontAwesomeIcon
                        border={false}
                        className="sc-AxjAm jumYnU sc-fzoXWK guRZYO"
                        fixedWidth={false}
                        flip={null}
                        icon={
                          Object {
                            "icon": Array [
                              576,
                              512,
                              Array [],
                              "f005",
                              "M528.1 171.5L382 150.2 316.7 17.8c-11.7-23.6-45.6-23.9-57.4 0L194 150.2 47.9 171.5c-26.2 3.8-36.7 36.1-17.7 54.6l105.7 103-25 145.5c-4.5 26.3 23.2 46 46.4 33.7L288 439.6l130.7 68.7c23.2 12.2 50.9-7.4 46.4-33.7l-25-145.5 105.7-103c19-18.5 8.5-50.8-17.7-54.6zM388.6 312.3l23.7 138.4L288 385.4l-124.3 65.3 23.7-138.4-100.6-98 139-20.2 62.2-126 62.2 126 139 20.2-100.6 98z",
                            ],
                            "iconName": "star",
                            "prefix": "far",
                          }
                        }
                        inverse={false}
                        listItem={false}
                        mask={null}
                        onClick={[Function]}
                        pull={null}
                        pulse={false}
                        rotation={null}
                        size={null}
                        spin={false}
                        swapOpacity={false}
                        symbol={false}
                        title=""
                        transform={null}
                      >
                        <svg
                          aria-hidden="true"
                          className="svg-inline--fa fa-star fa-w-18 sc-AxjAm jumYnU sc-fzoXWK guRZYO"
                          data-icon="star"
                          data-prefix="far"
                          focusable="false"
                          onClick={[Function]}
                          role="img"
                          style={Object {}}
                          viewBox="0 0 576 512"
                          xmlns="http://www.w3.org/2000/svg"
                        >
                          <path
                            d="M528.1 171.5L382 150.2 316.7 17.8c-11.7-23.6-45.6-23.9-57.4 0L194 150.2 47.9 171.5c-26.2 3.8-36.7 36.1-17.7 54.6l105.7 103-25 145.5c-4.5 26.3 23.2 46 46.4 33.7L288 439.6l130.7 68.7c23.2 12.2 50.9-7.4 46.4-33.7l-25-145.5 105.7-103c19-18.5 8.5-50.8-17.7-54.6zM388.6 312.3l23.7 138.4L288 385.4l-124.3 65.3 23.7-138.4-100.6-98 139-20.2 62.2-126 62.2 126 139 20.2-100.6 98z"
                            fill="currentColor"
                            style={Object {}}
                          />
                        </svg>
                      </FontAwesomeIcon>
                    </Styled(FontAwesomeIcon)>
                  </Star>
                </Styled(Star)>
                <styled.div>
                  <div
                    className="sc-fzpmMD iqaRxZ"
                  />
                </styled.div>
              </nav>
            </styled.nav>
          </TopBar>
          <Home>
            <styled.main>
              <main
                className="sc-fzoiQi dJeHQt"
              >
                <CharacterList
                  characters={
                    Array [
                      Object {
                        "id": 1010727,
                        "name": "Spider-dok",
                        "thumbnail": "https://i.annihil.us/u/prod/marvel/i/mg/b/40/image_not_available/portrait_fantastic.jpg",
                      },
                      Object {
                        "id": 1009157,
                        "name": "Spider-Girl (Anya Corazon)",
                        "thumbnail": "https://i.annihil.us/u/prod/marvel/i/mg/a/10/528d369de3e4f/portrait_fantastic.jpg",
                      },
                      Object {
                        "id": 1009610,
                        "name": "Spider-Man",
                        "thumbnail": "https://i.annihil.us/u/prod/marvel/i/mg/3/50/526548a343e4b/portrait_fantastic.jpg",
                      },
                      Object {
                        "id": 1011054,
                        "name": "Spider-Man (1602)",
                        "thumbnail": "https://i.annihil.us/u/prod/marvel/i/mg/e/03/5317713c9e746/portrait_fantastic.jpg",
                      },
                    ]
                  }
                >
                  <styled.ul>
                    <ul
                      className="sc-AxgMl bVLvwi"
                    >
                      <styled.li
                        key="1010727"
                      >
                        <li
                          className="sc-AxheI kdRVYU"
                        >
                          <CharacterCard
                            character={
                              Object {
                                "id": 1010727,
                                "name": "Spider-dok",
                                "thumbnail": "https://i.annihil.us/u/prod/marvel/i/mg/b/40/image_not_available/portrait_fantastic.jpg",
                              }
                            }
                            isFaved={false}
                            onClick={[Function]}
                            onFaved={[Function]}
                            onUnfaved={[Function]}
                          >
                            <styled.section
                              alt="Spider-dok"
                              onClick={[Function]}
                            >
                              <section
                                alt="Spider-dok"
                                className="sc-AxirZ bCKUBB"
                                onClick={[Function]}
                              >
                                <styled.img
                                  src="https://i.annihil.us/u/prod/marvel/i/mg/b/40/image_not_available/portrait_fantastic.jpg"
                                >
                                  <img
                                    className="sc-AxiKw jTQMHy"
                                    src="https://i.annihil.us/u/prod/marvel/i/mg/b/40/image_not_available/portrait_fantastic.jpg"
                                  />
                                </styled.img>
                                <Styled(Star)
                                  isSolid={false}
                                  onClick={[Function]}
                                >
                                  <Star
                                    className="sc-AxhUy iYWvJI"
                                    isSolid={false}
                                    onClick={[Function]}
                                  >
                                    <Styled(FontAwesomeIcon)
                                      className="sc-AxhUy iYWvJI"
                                      icon={
                                        Object {
                                          "icon": Array [
                                            576,
                                            512,
                                            Array [],
                                            "f005",
                                            "M528.1 171.5L382 150.2 316.7 17.8c-11.7-23.6-45.6-23.9-57.4 0L194 150.2 47.9 171.5c-26.2 3.8-36.7 36.1-17.7 54.6l105.7 103-25 145.5c-4.5 26.3 23.2 46 46.4 33.7L288 439.6l130.7 68.7c23.2 12.2 50.9-7.4 46.4-33.7l-25-145.5 105.7-103c19-18.5 8.5-50.8-17.7-54.6zM388.6 312.3l23.7 138.4L288 385.4l-124.3 65.3 23.7-138.4-100.6-98 139-20.2 62.2-126 62.2 126 139 20.2-100.6 98z",
                                          ],
                                          "iconName": "star",
                                          "prefix": "far",
                                        }
                                      }
                                      onClick={[Function]}
                                    >
                                      <FontAwesomeIcon
                                        border={false}
                                        className="sc-AxjAm jumYnU sc-AxhUy iYWvJI"
                                        fixedWidth={false}
                                        flip={null}
                                        icon={
                                          Object {
                                            "icon": Array [
                                              576,
                                              512,
                                              Array [],
                                              "f005",
                                              "M528.1 171.5L382 150.2 316.7 17.8c-11.7-23.6-45.6-23.9-57.4 0L194 150.2 47.9 171.5c-26.2 3.8-36.7 36.1-17.7 54.6l105.7 103-25 145.5c-4.5 26.3 23.2 46 46.4 33.7L288 439.6l130.7 68.7c23.2 12.2 50.9-7.4 46.4-33.7l-25-145.5 105.7-103c19-18.5 8.5-50.8-17.7-54.6zM388.6 312.3l23.7 138.4L288 385.4l-124.3 65.3 23.7-138.4-100.6-98 139-20.2 62.2-126 62.2 126 139 20.2-100.6 98z",
                                            ],
                                            "iconName": "star",
                                            "prefix": "far",
                                          }
                                        }
                                        inverse={false}
                                        listItem={false}
                                        mask={null}
                                        onClick={[Function]}
                                        pull={null}
                                        pulse={false}
                                        rotation={null}
                                        size={null}
                                        spin={false}
                                        swapOpacity={false}
                                        symbol={false}
                                        title=""
                                        transform={null}
                                      >
                                        <svg
                                          aria-hidden="true"
                                          className="svg-inline--fa fa-star fa-w-18 sc-AxjAm jumYnU sc-AxhUy iYWvJI"
                                          data-icon="star"
                                          data-prefix="far"
                                          focusable="false"
                                          onClick={[Function]}
                                          role="img"
                                          style={Object {}}
                                          viewBox="0 0 576 512"
                                          xmlns="http://www.w3.org/2000/svg"
                                        >
                                          <path
                                            d="M528.1 171.5L382 150.2 316.7 17.8c-11.7-23.6-45.6-23.9-57.4 0L194 150.2 47.9 171.5c-26.2 3.8-36.7 36.1-17.7 54.6l105.7 103-25 145.5c-4.5 26.3 23.2 46 46.4 33.7L288 439.6l130.7 68.7c23.2 12.2 50.9-7.4 46.4-33.7l-25-145.5 105.7-103c19-18.5 8.5-50.8-17.7-54.6zM388.6 312.3l23.7 138.4L288 385.4l-124.3 65.3 23.7-138.4-100.6-98 139-20.2 62.2-126 62.2 126 139 20.2-100.6 98z"
                                            fill="currentColor"
                                            style={Object {}}
                                          />
                                        </svg>
                                      </FontAwesomeIcon>
                                    </Styled(FontAwesomeIcon)>
                                  </Star>
                                </Styled(Star)>
                                <styled.h2>
                                  <h2
                                    className="sc-AxhCb lbMrWD"
                                  >
                                     
                                    Spider-dok
                                     
                                  </h2>
                                </styled.h2>
                              </section>
                            </styled.section>
                          </CharacterCard>
                        </li>
                      </styled.li>
                      <styled.li
                        key="1009157"
                      >
                        <li
                          className="sc-AxheI kdRVYU"
                        >
                          <CharacterCard
                            character={
                              Object {
                                "id": 1009157,
                                "name": "Spider-Girl (Anya Corazon)",
                                "thumbnail": "https://i.annihil.us/u/prod/marvel/i/mg/a/10/528d369de3e4f/portrait_fantastic.jpg",
                              }
                            }
                            isFaved={false}
                            onClick={[Function]}
                            onFaved={[Function]}
                            onUnfaved={[Function]}
                          >
                            <styled.section
                              alt="Spider-Girl (Anya Corazon)"
                              onClick={[Function]}
                            >
                              <section
                                alt="Spider-Girl (Anya Corazon)"
                                className="sc-AxirZ bCKUBB"
                                onClick={[Function]}
                              >
                                <styled.img
                                  src="https://i.annihil.us/u/prod/marvel/i/mg/a/10/528d369de3e4f/portrait_fantastic.jpg"
                                >
                                  <img
                                    className="sc-AxiKw jTQMHy"
                                    src="https://i.annihil.us/u/prod/marvel/i/mg/a/10/528d369de3e4f/portrait_fantastic.jpg"
                                  />
                                </styled.img>
                                <Styled(Star)
                                  isSolid={false}
                                  onClick={[Function]}
                                >
                                  <Star
                                    className="sc-AxhUy iYWvJI"
                                    isSolid={false}
                                    onClick={[Function]}
                                  >
                                    <Styled(FontAwesomeIcon)
                                      className="sc-AxhUy iYWvJI"
                                      icon={
                                        Object {
                                          "icon": Array [
                                            576,
                                            512,
                                            Array [],
                                            "f005",
                                            "M528.1 171.5L382 150.2 316.7 17.8c-11.7-23.6-45.6-23.9-57.4 0L194 150.2 47.9 171.5c-26.2 3.8-36.7 36.1-17.7 54.6l105.7 103-25 145.5c-4.5 26.3 23.2 46 46.4 33.7L288 439.6l130.7 68.7c23.2 12.2 50.9-7.4 46.4-33.7l-25-145.5 105.7-103c19-18.5 8.5-50.8-17.7-54.6zM388.6 312.3l23.7 138.4L288 385.4l-124.3 65.3 23.7-138.4-100.6-98 139-20.2 62.2-126 62.2 126 139 20.2-100.6 98z",
                                          ],
                                          "iconName": "star",
                                          "prefix": "far",
                                        }
                                      }
                                      onClick={[Function]}
                                    >
                                      <FontAwesomeIcon
                                        border={false}
                                        className="sc-AxjAm jumYnU sc-AxhUy iYWvJI"
                                        fixedWidth={false}
                                        flip={null}
                                        icon={
                                          Object {
                                            "icon": Array [
                                              576,
                                              512,
                                              Array [],
                                              "f005",
                                              "M528.1 171.5L382 150.2 316.7 17.8c-11.7-23.6-45.6-23.9-57.4 0L194 150.2 47.9 171.5c-26.2 3.8-36.7 36.1-17.7 54.6l105.7 103-25 145.5c-4.5 26.3 23.2 46 46.4 33.7L288 439.6l130.7 68.7c23.2 12.2 50.9-7.4 46.4-33.7l-25-145.5 105.7-103c19-18.5 8.5-50.8-17.7-54.6zM388.6 312.3l23.7 138.4L288 385.4l-124.3 65.3 23.7-138.4-100.6-98 139-20.2 62.2-126 62.2 126 139 20.2-100.6 98z",
                                            ],
                                            "iconName": "star",
                                            "prefix": "far",
                                          }
                                        }
                                        inverse={false}
                                        listItem={false}
                                        mask={null}
                                        onClick={[Function]}
                                        pull={null}
                                        pulse={false}
                                        rotation={null}
                                        size={null}
                                        spin={false}
                                        swapOpacity={false}
                                        symbol={false}
                                        title=""
                                        transform={null}
                                      >
                                        <svg
                                          aria-hidden="true"
                                          className="svg-inline--fa fa-star fa-w-18 sc-AxjAm jumYnU sc-AxhUy iYWvJI"
                                          data-icon="star"
                                          data-prefix="far"
                                          focusable="false"
                                          onClick={[Function]}
                                          role="img"
                                          style={Object {}}
                                          viewBox="0 0 576 512"
                                          xmlns="http://www.w3.org/2000/svg"
                                        >
                                          <path
                                            d="M528.1 171.5L382 150.2 316.7 17.8c-11.7-23.6-45.6-23.9-57.4 0L194 150.2 47.9 171.5c-26.2 3.8-36.7 36.1-17.7 54.6l105.7 103-25 145.5c-4.5 26.3 23.2 46 46.4 33.7L288 439.6l130.7 68.7c23.2 12.2 50.9-7.4 46.4-33.7l-25-145.5 105.7-103c19-18.5 8.5-50.8-17.7-54.6zM388.6 312.3l23.7 138.4L288 385.4l-124.3 65.3 23.7-138.4-100.6-98 139-20.2 62.2-126 62.2 126 139 20.2-100.6 98z"
                                            fill="currentColor"
                                            style={Object {}}
                                          />
                                        </svg>
                                      </FontAwesomeIcon>
                                    </Styled(FontAwesomeIcon)>
                                  </Star>
                                </Styled(Star)>
                                <styled.h2>
                                  <h2
                                    className="sc-AxhCb lbMrWD"
                                  >
                                     
                                    Spider-Girl (Anya Corazon)
                                     
                                  </h2>
                                </styled.h2>
                              </section>
                            </styled.section>
                          </CharacterCard>
                        </li>
                      </styled.li>
                      <styled.li
                        key="1009610"
                      >
                        <li
                          className="sc-AxheI kdRVYU"
                        >
                          <CharacterCard
                            character={
                              Object {
                                "id": 1009610,
                                "name": "Spider-Man",
                                "thumbnail": "https://i.annihil.us/u/prod/marvel/i/mg/3/50/526548a343e4b/portrait_fantastic.jpg",
                              }
                            }
                            isFaved={false}
                            onClick={[Function]}
                            onFaved={[Function]}
                            onUnfaved={[Function]}
                          >
                            <styled.section
                              alt="Spider-Man"
                              onClick={[Function]}
                            >
                              <section
                                alt="Spider-Man"
                                className="sc-AxirZ bCKUBB"
                                onClick={[Function]}
                              >
                                <styled.img
                                  src="https://i.annihil.us/u/prod/marvel/i/mg/3/50/526548a343e4b/portrait_fantastic.jpg"
                                >
                                  <img
                                    className="sc-AxiKw jTQMHy"
                                    src="https://i.annihil.us/u/prod/marvel/i/mg/3/50/526548a343e4b/portrait_fantastic.jpg"
                                  />
                                </styled.img>
                                <Styled(Star)
                                  isSolid={false}
                                  onClick={[Function]}
                                >
                                  <Star
                                    className="sc-AxhUy iYWvJI"
                                    isSolid={false}
                                    onClick={[Function]}
                                  >
                                    <Styled(FontAwesomeIcon)
                                      className="sc-AxhUy iYWvJI"
                                      icon={
                                        Object {
                                          "icon": Array [
                                            576,
                                            512,
                                            Array [],
                                            "f005",
                                            "M528.1 171.5L382 150.2 316.7 17.8c-11.7-23.6-45.6-23.9-57.4 0L194 150.2 47.9 171.5c-26.2 3.8-36.7 36.1-17.7 54.6l105.7 103-25 145.5c-4.5 26.3 23.2 46 46.4 33.7L288 439.6l130.7 68.7c23.2 12.2 50.9-7.4 46.4-33.7l-25-145.5 105.7-103c19-18.5 8.5-50.8-17.7-54.6zM388.6 312.3l23.7 138.4L288 385.4l-124.3 65.3 23.7-138.4-100.6-98 139-20.2 62.2-126 62.2 126 139 20.2-100.6 98z",
                                          ],
                                          "iconName": "star",
                                          "prefix": "far",
                                        }
                                      }
                                      onClick={[Function]}
                                    >
                                      <FontAwesomeIcon
                                        border={false}
                                        className="sc-AxjAm jumYnU sc-AxhUy iYWvJI"
                                        fixedWidth={false}
                                        flip={null}
                                        icon={
                                          Object {
                                            "icon": Array [
                                              576,
                                              512,
                                              Array [],
                                              "f005",
                                              "M528.1 171.5L382 150.2 316.7 17.8c-11.7-23.6-45.6-23.9-57.4 0L194 150.2 47.9 171.5c-26.2 3.8-36.7 36.1-17.7 54.6l105.7 103-25 145.5c-4.5 26.3 23.2 46 46.4 33.7L288 439.6l130.7 68.7c23.2 12.2 50.9-7.4 46.4-33.7l-25-145.5 105.7-103c19-18.5 8.5-50.8-17.7-54.6zM388.6 312.3l23.7 138.4L288 385.4l-124.3 65.3 23.7-138.4-100.6-98 139-20.2 62.2-126 62.2 126 139 20.2-100.6 98z",
                                            ],
                                            "iconName": "star",
                                            "prefix": "far",
                                          }
                                        }
                                        inverse={false}
                                        listItem={false}
                                        mask={null}
                                        onClick={[Function]}
                                        pull={null}
                                        pulse={false}
                                        rotation={null}
                                        size={null}
                                        spin={false}
                                        swapOpacity={false}
                                        symbol={false}
                                        title=""
                                        transform={null}
                                      >
                                        <svg
                                          aria-hidden="true"
                                          className="svg-inline--fa fa-star fa-w-18 sc-AxjAm jumYnU sc-AxhUy iYWvJI"
                                          data-icon="star"
                                          data-prefix="far"
                                          focusable="false"
                                          onClick={[Function]}
                                          role="img"
                                          style={Object {}}
                                          viewBox="0 0 576 512"
                                          xmlns="http://www.w3.org/2000/svg"
                                        >
                                          <path
                                            d="M528.1 171.5L382 150.2 316.7 17.8c-11.7-23.6-45.6-23.9-57.4 0L194 150.2 47.9 171.5c-26.2 3.8-36.7 36.1-17.7 54.6l105.7 103-25 145.5c-4.5 26.3 23.2 46 46.4 33.7L288 439.6l130.7 68.7c23.2 12.2 50.9-7.4 46.4-33.7l-25-145.5 105.7-103c19-18.5 8.5-50.8-17.7-54.6zM388.6 312.3l23.7 138.4L288 385.4l-124.3 65.3 23.7-138.4-100.6-98 139-20.2 62.2-126 62.2 126 139 20.2-100.6 98z"
                                            fill="currentColor"
                                            style={Object {}}
                                          />
                                        </svg>
                                      </FontAwesomeIcon>
                                    </Styled(FontAwesomeIcon)>
                                  </Star>
                                </Styled(Star)>
                                <styled.h2>
                                  <h2
                                    className="sc-AxhCb lbMrWD"
                                  >
                                     
                                    Spider-Man
                                     
                                  </h2>
                                </styled.h2>
                              </section>
                            </styled.section>
                          </CharacterCard>
                        </li>
                      </styled.li>
                      <styled.li
                        key="1011054"
                      >
                        <li
                          className="sc-AxheI kdRVYU"
                        >
                          <CharacterCard
                            character={
                              Object {
                                "id": 1011054,
                                "name": "Spider-Man (1602)",
                                "thumbnail": "https://i.annihil.us/u/prod/marvel/i/mg/e/03/5317713c9e746/portrait_fantastic.jpg",
                              }
                            }
                            isFaved={false}
                            onClick={[Function]}
                            onFaved={[Function]}
                            onUnfaved={[Function]}
                          >
                            <styled.section
                              alt="Spider-Man (1602)"
                              onClick={[Function]}
                            >
                              <section
                                alt="Spider-Man (1602)"
                                className="sc-AxirZ bCKUBB"
                                onClick={[Function]}
                              >
                                <styled.img
                                  src="https://i.annihil.us/u/prod/marvel/i/mg/e/03/5317713c9e746/portrait_fantastic.jpg"
                                >
                                  <img
                                    className="sc-AxiKw jTQMHy"
                                    src="https://i.annihil.us/u/prod/marvel/i/mg/e/03/5317713c9e746/portrait_fantastic.jpg"
                                  />
                                </styled.img>
                                <Styled(Star)
                                  isSolid={false}
                                  onClick={[Function]}
                                >
                                  <Star
                                    className="sc-AxhUy iYWvJI"
                                    isSolid={false}
                                    onClick={[Function]}
                                  >
                                    <Styled(FontAwesomeIcon)
                                      className="sc-AxhUy iYWvJI"
                                      icon={
                                        Object {
                                          "icon": Array [
                                            576,
                                            512,
                                            Array [],
                                            "f005",
                                            "M528.1 171.5L382 150.2 316.7 17.8c-11.7-23.6-45.6-23.9-57.4 0L194 150.2 47.9 171.5c-26.2 3.8-36.7 36.1-17.7 54.6l105.7 103-25 145.5c-4.5 26.3 23.2 46 46.4 33.7L288 439.6l130.7 68.7c23.2 12.2 50.9-7.4 46.4-33.7l-25-145.5 105.7-103c19-18.5 8.5-50.8-17.7-54.6zM388.6 312.3l23.7 138.4L288 385.4l-124.3 65.3 23.7-138.4-100.6-98 139-20.2 62.2-126 62.2 126 139 20.2-100.6 98z",
                                          ],
                                          "iconName": "star",
                                          "prefix": "far",
                                        }
                                      }
                                      onClick={[Function]}
                                    >
                                      <FontAwesomeIcon
                                        border={false}
                                        className="sc-AxjAm jumYnU sc-AxhUy iYWvJI"
                                        fixedWidth={false}
                                        flip={null}
                                        icon={
                                          Object {
                                            "icon": Array [
                                              576,
                                              512,
                                              Array [],
                                              "f005",
                                              "M528.1 171.5L382 150.2 316.7 17.8c-11.7-23.6-45.6-23.9-57.4 0L194 150.2 47.9 171.5c-26.2 3.8-36.7 36.1-17.7 54.6l105.7 103-25 145.5c-4.5 26.3 23.2 46 46.4 33.7L288 439.6l130.7 68.7c23.2 12.2 50.9-7.4 46.4-33.7l-25-145.5 105.7-103c19-18.5 8.5-50.8-17.7-54.6zM388.6 312.3l23.7 138.4L288 385.4l-124.3 65.3 23.7-138.4-100.6-98 139-20.2 62.2-126 62.2 126 139 20.2-100.6 98z",
                                            ],
                                            "iconName": "star",
                                            "prefix": "far",
                                          }
                                        }
                                        inverse={false}
                                        listItem={false}
                                        mask={null}
                                        onClick={[Function]}
                                        pull={null}
                                        pulse={false}
                                        rotation={null}
                                        size={null}
                                        spin={false}
                                        swapOpacity={false}
                                        symbol={false}
                                        title=""
                                        transform={null}
                                      >
                                        <svg
                                          aria-hidden="true"
                                          className="svg-inline--fa fa-star fa-w-18 sc-AxjAm jumYnU sc-AxhUy iYWvJI"
                                          data-icon="star"
                                          data-prefix="far"
                                          focusable="false"
                                          onClick={[Function]}
                                          role="img"
                                          style={Object {}}
                                          viewBox="0 0 576 512"
                                          xmlns="http://www.w3.org/2000/svg"
                                        >
                                          <path
                                            d="M528.1 171.5L382 150.2 316.7 17.8c-11.7-23.6-45.6-23.9-57.4 0L194 150.2 47.9 171.5c-26.2 3.8-36.7 36.1-17.7 54.6l105.7 103-25 145.5c-4.5 26.3 23.2 46 46.4 33.7L288 439.6l130.7 68.7c23.2 12.2 50.9-7.4 46.4-33.7l-25-145.5 105.7-103c19-18.5 8.5-50.8-17.7-54.6zM388.6 312.3l23.7 138.4L288 385.4l-124.3 65.3 23.7-138.4-100.6-98 139-20.2 62.2-126 62.2 126 139 20.2-100.6 98z"
                                            fill="currentColor"
                                            style={Object {}}
                                          />
                                        </svg>
                                      </FontAwesomeIcon>
                                    </Styled(FontAwesomeIcon)>
                                  </Star>
                                </Styled(Star)>
                                <styled.h2>
                                  <h2
                                    className="sc-AxhCb lbMrWD"
                                  >
                                     
                                    Spider-Man (1602)
                                     
                                  </h2>
                                </styled.h2>
                              </section>
                            </styled.section>
                          </CharacterCard>
                        </li>
                      </styled.li>
                    </ul>
                  </styled.ul>
                </CharacterList>
                <CharacterModal>
                  <Modal
                    onClose={[Function]}
                    title="Spider-Man"
                  >
                    <styled.div>
                      <div
                        className="sc-Axmtr bUBXNC"
                      >
                        <styled.aside
                          aria-labelledby="modal-title"
                          role="dialog"
                        >
                          <aside
                            aria-labelledby="modal-title"
                            className="sc-AxmLO hmyhBj"
                            role="dialog"
                          >
                            <Styled(FontAwesomeIcon)
                              aria-label="close modal"
                              icon={
                                Object {
                                  "icon": Array [
                                    352,
                                    512,
                                    Array [],
                                    "f00d",
                                    "M242.72 256l100.07-100.07c12.28-12.28 12.28-32.19 0-44.48l-22.24-22.24c-12.28-12.28-32.19-12.28-44.48 0L176 189.28 75.93 89.21c-12.28-12.28-32.19-12.28-44.48 0L9.21 111.45c-12.28 12.28-12.28 32.19 0 44.48L109.28 256 9.21 356.07c-12.28 12.28-12.28 32.19 0 44.48l22.24 22.24c12.28 12.28 32.2 12.28 44.48 0L176 322.72l100.07 100.07c12.28 12.28 32.2 12.28 44.48 0l22.24-22.24c12.28-12.28 12.28-32.19 0-44.48L242.72 256z",
                                  ],
                                  "iconName": "times",
                                  "prefix": "fas",
                                }
                              }
                              onClick={[Function]}
                            >
                              <FontAwesomeIcon
                                aria-label="close modal"
                                border={false}
                                className="sc-fzoLsD eWhkLg"
                                fixedWidth={false}
                                flip={null}
                                icon={
                                  Object {
                                    "icon": Array [
                                      352,
                                      512,
                                      Array [],
                                      "f00d",
                                      "M242.72 256l100.07-100.07c12.28-12.28 12.28-32.19 0-44.48l-22.24-22.24c-12.28-12.28-32.19-12.28-44.48 0L176 189.28 75.93 89.21c-12.28-12.28-32.19-12.28-44.48 0L9.21 111.45c-12.28 12.28-12.28 32.19 0 44.48L109.28 256 9.21 356.07c-12.28 12.28-12.28 32.19 0 44.48l22.24 22.24c12.28 12.28 32.2 12.28 44.48 0L176 322.72l100.07 100.07c12.28 12.28 32.2 12.28 44.48 0l22.24-22.24c12.28-12.28 12.28-32.19 0-44.48L242.72 256z",
                                    ],
                                    "iconName": "times",
                                    "prefix": "fas",
                                  }
                                }
                                inverse={false}
                                listItem={false}
                                mask={null}
                                onClick={[Function]}
                                pull={null}
                                pulse={false}
                                rotation={null}
                                size={null}
                                spin={false}
                                swapOpacity={false}
                                symbol={false}
                                title=""
                                transform={null}
                              >
                                <svg
                                  aria-hidden="true"
                                  aria-label="close modal"
                                  className="svg-inline--fa fa-times fa-w-11 sc-fzoLsD eWhkLg"
                                  data-icon="times"
                                  data-prefix="fas"
                                  focusable="false"
                                  onClick={[Function]}
                                  role="img"
                                  style={Object {}}
                                  viewBox="0 0 352 512"
                                  xmlns="http://www.w3.org/2000/svg"
                                >
                                  <path
                                    d="M242.72 256l100.07-100.07c12.28-12.28 12.28-32.19 0-44.48l-22.24-22.24c-12.28-12.28-32.19-12.28-44.48 0L176 189.28 75.93 89.21c-12.28-12.28-32.19-12.28-44.48 0L9.21 111.45c-12.28 12.28-12.28 32.19 0 44.48L109.28 256 9.21 356.07c-12.28 12.28-12.28 32.19 0 44.48l22.24 22.24c12.28 12.28 32.2 12.28 44.48 0L176 322.72l100.07 100.07c12.28 12.28 32.2 12.28 44.48 0l22.24-22.24c12.28-12.28 12.28-32.19 0-44.48L242.72 256z"
                                    fill="currentColor"
                                    style={Object {}}
                                  />
                                </svg>
                              </FontAwesomeIcon>
                            </Styled(FontAwesomeIcon)>
                            <styled.h3
                              id="modal-title"
                            >
                              <h3
                                className="sc-fzpans cjaWAw"
                                id="modal-title"
                              >
                                 
                                Spider-Man
                              </h3>
                            </styled.h3>
                            <styled.div>
                              <div
                                className="sc-fzozJi vwtZZ"
                              >
                                <ComicList
                                  comics={
                                    Array [
                                      Object {
                                        "description": "Spider-Man, in one of his earliest adventures following Uncle Ben's death, must save a crew of astronauts aboard a malfunctioning space ship!",
                                        "id": 6482,
                                        "thumbnail": "https://i.annihil.us/u/prod/marvel/i/mg/d/40/5196582d03800/standard_medium.jpg",
                                        "title": "The Amazing Spider-Man (1963) #1",
                                      },
                                      Object {
                                        "description": "The Vulture's rampage in Manhattan begins. Can Spidey take down the avian menace?",
                                        "id": 6593,
                                        "thumbnail": "https://i.annihil.us/u/prod/marvel/i/mg/4/50/5192af7c78397/standard_medium.jpg",
                                        "title": "The Amazing Spider-Man (1963) #2",
                                      },
                                    ]
                                  }
                                >
                                  <styled.ul>
                                    <ul
                                      className="sc-fzqNJr kHcFrr"
                                    >
                                      <styled.li
                                        key="6482"
                                      >
                                        <li
                                          className="sc-fzoyAV bJoxME"
                                        >
                                          <ComicItem
                                            comic={
                                              Object {
                                                "description": "Spider-Man, in one of his earliest adventures following Uncle Ben's death, must save a crew of astronauts aboard a malfunctioning space ship!",
                                                "id": 6482,
                                                "thumbnail": "https://i.annihil.us/u/prod/marvel/i/mg/d/40/5196582d03800/standard_medium.jpg",
                                                "title": "The Amazing Spider-Man (1963) #1",
                                              }
                                            }
                                          >
                                            <styled.div>
                                              <div
                                                className="sc-fzplWN bvlrpv"
                                              >
                                                <styled.img
                                                  alt="The Amazing Spider-Man (1963) #1 comic thumbnail"
                                                  src="https://i.annihil.us/u/prod/marvel/i/mg/d/40/5196582d03800/standard_medium.jpg"
                                                >
                                                  <img
                                                    alt="The Amazing Spider-Man (1963) #1 comic thumbnail"
                                                    className="sc-fznyAO dFVEbg"
                                                    src="https://i.annihil.us/u/prod/marvel/i/mg/d/40/5196582d03800/standard_medium.jpg"
                                                  />
                                                </styled.img>
                                                <styled.div>
                                                  <div
                                                    className="sc-fznKkj cgtInP"
                                                  >
                                                    <styled.h4>
                                                      <h4
                                                        className="sc-fznZeY hGqvYT"
                                                      >
                                                        The Amazing Spider-Man (1963) #1
                                                      </h4>
                                                    </styled.h4>
                                                    <Styled(Star)
                                                      role="button"
                                                    >
                                                      <Star
                                                        className="sc-fzokOt cpiBJt"
                                                        isSolid={false}
                                                        onClick={[Function]}
                                                        role="button"
                                                      >
                                                        <Styled(FontAwesomeIcon)
                                                          className="sc-fzokOt cpiBJt"
                                                          icon={
                                                            Object {
                                                              "icon": Array [
                                                                576,
                                                                512,
                                                                Array [],
                                                                "f005",
                                                                "M528.1 171.5L382 150.2 316.7 17.8c-11.7-23.6-45.6-23.9-57.4 0L194 150.2 47.9 171.5c-26.2 3.8-36.7 36.1-17.7 54.6l105.7 103-25 145.5c-4.5 26.3 23.2 46 46.4 33.7L288 439.6l130.7 68.7c23.2 12.2 50.9-7.4 46.4-33.7l-25-145.5 105.7-103c19-18.5 8.5-50.8-17.7-54.6zM388.6 312.3l23.7 138.4L288 385.4l-124.3 65.3 23.7-138.4-100.6-98 139-20.2 62.2-126 62.2 126 139 20.2-100.6 98z",
                                                              ],
                                                              "iconName": "star",
                                                              "prefix": "far",
                                                            }
                                                          }
                                                          onClick={[Function]}
                                                        >
                                                          <FontAwesomeIcon
                                                            border={false}
                                                            className="sc-AxjAm jumYnU sc-fzokOt cpiBJt"
                                                            fixedWidth={false}
                                                            flip={null}
                                                            icon={
                                                              Object {
                                                                "icon": Array [
                                                                  576,
                                                                  512,
                                                                  Array [],
                                                                  "f005",
                                                                  "M528.1 171.5L382 150.2 316.7 17.8c-11.7-23.6-45.6-23.9-57.4 0L194 150.2 47.9 171.5c-26.2 3.8-36.7 36.1-17.7 54.6l105.7 103-25 145.5c-4.5 26.3 23.2 46 46.4 33.7L288 439.6l130.7 68.7c23.2 12.2 50.9-7.4 46.4-33.7l-25-145.5 105.7-103c19-18.5 8.5-50.8-17.7-54.6zM388.6 312.3l23.7 138.4L288 385.4l-124.3 65.3 23.7-138.4-100.6-98 139-20.2 62.2-126 62.2 126 139 20.2-100.6 98z",
                                                                ],
                                                                "iconName": "star",
                                                                "prefix": "far",
                                                              }
                                                            }
                                                            inverse={false}
                                                            listItem={false}
                                                            mask={null}
                                                            onClick={[Function]}
                                                            pull={null}
                                                            pulse={false}
                                                            rotation={null}
                                                            size={null}
                                                            spin={false}
                                                            swapOpacity={false}
                                                            symbol={false}
                                                            title=""
                                                            transform={null}
                                                          >
                                                            <svg
                                                              aria-hidden="true"
                                                              className="svg-inline--fa fa-star fa-w-18 sc-AxjAm jumYnU sc-fzokOt cpiBJt"
                                                              data-icon="star"
                                                              data-prefix="far"
                                                              focusable="false"
                                                              onClick={[Function]}
                                                              role="img"
                                                              style={Object {}}
                                                              viewBox="0 0 576 512"
                                                              xmlns="http://www.w3.org/2000/svg"
                                                            >
                                                              <path
                                                                d="M528.1 171.5L382 150.2 316.7 17.8c-11.7-23.6-45.6-23.9-57.4 0L194 150.2 47.9 171.5c-26.2 3.8-36.7 36.1-17.7 54.6l105.7 103-25 145.5c-4.5 26.3 23.2 46 46.4 33.7L288 439.6l130.7 68.7c23.2 12.2 50.9-7.4 46.4-33.7l-25-145.5 105.7-103c19-18.5 8.5-50.8-17.7-54.6zM388.6 312.3l23.7 138.4L288 385.4l-124.3 65.3 23.7-138.4-100.6-98 139-20.2 62.2-126 62.2 126 139 20.2-100.6 98z"
                                                                fill="currentColor"
                                                                style={Object {}}
                                                              />
                                                            </svg>
                                                          </FontAwesomeIcon>
                                                        </Styled(FontAwesomeIcon)>
                                                      </Star>
                                                    </Styled(Star)>
                                                  </div>
                                                </styled.div>
                                                <styled.p>
                                                  <p
                                                    className="sc-fzqBZW fEElOX"
                                                  >
                                                    Spider-Man, in one of his earliest adventures following Uncle Ben's death, must save a crew of astronauts aboard a malfunctioning space ship!
                                                  </p>
                                                </styled.p>
                                              </div>
                                            </styled.div>
                                          </ComicItem>
                                        </li>
                                      </styled.li>
                                      <styled.li
                                        key="6593"
                                      >
                                        <li
                                          className="sc-fzoyAV bJoxME"
                                        >
                                          <ComicItem
                                            comic={
                                              Object {
                                                "description": "The Vulture's rampage in Manhattan begins. Can Spidey take down the avian menace?",
                                                "id": 6593,
                                                "thumbnail": "https://i.annihil.us/u/prod/marvel/i/mg/4/50/5192af7c78397/standard_medium.jpg",
                                                "title": "The Amazing Spider-Man (1963) #2",
                                              }
                                            }
                                          >
                                            <styled.div>
                                              <div
                                                className="sc-fzplWN bvlrpv"
                                              >
                                                <styled.img
                                                  alt="The Amazing Spider-Man (1963) #2 comic thumbnail"
                                                  src="https://i.annihil.us/u/prod/marvel/i/mg/4/50/5192af7c78397/standard_medium.jpg"
                                                >
                                                  <img
                                                    alt="The Amazing Spider-Man (1963) #2 comic thumbnail"
                                                    className="sc-fznyAO dFVEbg"
                                                    src="https://i.annihil.us/u/prod/marvel/i/mg/4/50/5192af7c78397/standard_medium.jpg"
                                                  />
                                                </styled.img>
                                                <styled.div>
                                                  <div
                                                    className="sc-fznKkj cgtInP"
                                                  >
                                                    <styled.h4>
                                                      <h4
                                                        className="sc-fznZeY hGqvYT"
                                                      >
                                                        The Amazing Spider-Man (1963) #2
                                                      </h4>
                                                    </styled.h4>
                                                    <Styled(Star)
                                                      role="button"
                                                    >
                                                      <Star
                                                        className="sc-fzokOt cpiBJt"
                                                        isSolid={false}
                                                        onClick={[Function]}
                                                        role="button"
                                                      >
                                                        <Styled(FontAwesomeIcon)
                                                          className="sc-fzokOt cpiBJt"
                                                          icon={
                                                            Object {
                                                              "icon": Array [
                                                                576,
                                                                512,
                                                                Array [],
                                                                "f005",
                                                                "M528.1 171.5L382 150.2 316.7 17.8c-11.7-23.6-45.6-23.9-57.4 0L194 150.2 47.9 171.5c-26.2 3.8-36.7 36.1-17.7 54.6l105.7 103-25 145.5c-4.5 26.3 23.2 46 46.4 33.7L288 439.6l130.7 68.7c23.2 12.2 50.9-7.4 46.4-33.7l-25-145.5 105.7-103c19-18.5 8.5-50.8-17.7-54.6zM388.6 312.3l23.7 138.4L288 385.4l-124.3 65.3 23.7-138.4-100.6-98 139-20.2 62.2-126 62.2 126 139 20.2-100.6 98z",
                                                              ],
                                                              "iconName": "star",
                                                              "prefix": "far",
                                                            }
                                                          }
                                                          onClick={[Function]}
                                                        >
                                                          <FontAwesomeIcon
                                                            border={false}
                                                            className="sc-AxjAm jumYnU sc-fzokOt cpiBJt"
                                                            fixedWidth={false}
                                                            flip={null}
                                                            icon={
                                                              Object {
                                                                "icon": Array [
                                                                  576,
                                                                  512,
                                                                  Array [],
                                                                  "f005",
                                                                  "M528.1 171.5L382 150.2 316.7 17.8c-11.7-23.6-45.6-23.9-57.4 0L194 150.2 47.9 171.5c-26.2 3.8-36.7 36.1-17.7 54.6l105.7 103-25 145.5c-4.5 26.3 23.2 46 46.4 33.7L288 439.6l130.7 68.7c23.2 12.2 50.9-7.4 46.4-33.7l-25-145.5 105.7-103c19-18.5 8.5-50.8-17.7-54.6zM388.6 312.3l23.7 138.4L288 385.4l-124.3 65.3 23.7-138.4-100.6-98 139-20.2 62.2-126 62.2 126 139 20.2-100.6 98z",
                                                                ],
                                                                "iconName": "star",
                                                                "prefix": "far",
                                                              }
                                                            }
                                                            inverse={false}
                                                            listItem={false}
                                                            mask={null}
                                                            onClick={[Function]}
                                                            pull={null}
                                                            pulse={false}
                                                            rotation={null}
                                                            size={null}
                                                            spin={false}
                                                            swapOpacity={false}
                                                            symbol={false}
                                                            title=""
                                                            transform={null}
                                                          >
                                                            <svg
                                                              aria-hidden="true"
                                                              className="svg-inline--fa fa-star fa-w-18 sc-AxjAm jumYnU sc-fzokOt cpiBJt"
                                                              data-icon="star"
                                                              data-prefix="far"
                                                              focusable="false"
                                                              onClick={[Function]}
                                                              role="img"
                                                              style={Object {}}
                                                              viewBox="0 0 576 512"
                                                              xmlns="http://www.w3.org/2000/svg"
                                                            >
                                                              <path
                                                                d="M528.1 171.5L382 150.2 316.7 17.8c-11.7-23.6-45.6-23.9-57.4 0L194 150.2 47.9 171.5c-26.2 3.8-36.7 36.1-17.7 54.6l105.7 103-25 145.5c-4.5 26.3 23.2 46 46.4 33.7L288 439.6l130.7 68.7c23.2 12.2 50.9-7.4 46.4-33.7l-25-145.5 105.7-103c19-18.5 8.5-50.8-17.7-54.6zM388.6 312.3l23.7 138.4L288 385.4l-124.3 65.3 23.7-138.4-100.6-98 139-20.2 62.2-126 62.2 126 139 20.2-100.6 98z"
                                                                fill="currentColor"
                                                                style={Object {}}
                                                              />
                                                            </svg>
                                                          </FontAwesomeIcon>
                                                        </Styled(FontAwesomeIcon)>
                                                      </Star>
                                                    </Styled(Star)>
                                                  </div>
                                                </styled.div>
                                                <styled.p>
                                                  <p
                                                    className="sc-fzqBZW fEElOX"
                                                  >
                                                    The Vulture's rampage in Manhattan begins. Can Spidey take down the avian menace?
                                                  </p>
                                                </styled.p>
                                              </div>
                                            </styled.div>
                                          </ComicItem>
                                        </li>
                                      </styled.li>
                                    </ul>
                                  </styled.ul>
                                </ComicList>
                              </div>
                            </styled.div>
                          </aside>
                        </styled.aside>
                      </div>
                    </styled.div>
                  </Modal>
                </CharacterModal>
              </main>
            </styled.main>
          </Home>
        </div>
      </styled.div>
    </App>
  </Router>
</MemoryRouter>
`;
